
Memory Configuration

Name             Origin             Length             Attributes
*default*        0x0000000000000000 0xffffffffffffffff

Linker script and memory map

                0x0000000000008000                KERNEL_HEAP_SIZE = 0x8000
                0x0000000000100000                . = 0x100000

.multibootHeader
                0x0000000000100000       0x1c
 *(.multibootHeader)
 .multibootHeader
                0x0000000000100000       0x1c loader.o
                0x000000000010000c                loader

.text           0x0000000000101000      0x445
 *(.text)
 .text          0x0000000000101000      0x1c9 dumain.o
                0x0000000000101000                dumain
 *fill*         0x00000000001011c9        0x7 
 .text          0x00000000001011d0       0x12 io_port_driver.o
                0x00000000001011d0                inb
                0x00000000001011d7                outb
 .text          0x00000000001011e2      0x175 vga.o
                0x00000000001011e2                vga_write
                0x0000000000101239                vga_move_cursor
                0x00000000001012a2                vga_clear_screen
                0x00000000001012f2                vga_write_string
 .text          0x0000000000101357       0xc7 stdlib.o
                0x0000000000101357                ltoa
 .text          0x000000000010141e       0x27 string.o
                0x000000000010141e                strlen

.iplt           0x0000000000101450        0x0
 .iplt          0x0000000000000000        0x0 loader.o

.rodata         0x0000000000102000       0x8d
 *(.rodata*)
 .rodata        0x0000000000102000       0x8d dumain.o

.eh_frame       0x0000000000102090       0xf8
 .eh_frame      0x0000000000102090       0x34 dumain.o
 .eh_frame      0x00000000001020c4       0x84 vga.o
                                         0x9c (size before relaxing)
 .eh_frame      0x0000000000102148       0x20 stdlib.o
                                         0x38 (size before relaxing)
 .eh_frame      0x0000000000102168       0x20 string.o
                                         0x38 (size before relaxing)

.rel.dyn        0x0000000000102188        0x0
 .rel.iplt      0x0000000000000000        0x0 loader.o
 .rel.multibootHeader
                0x0000000000000000        0x0 loader.o
 .rel.text      0x0000000000000000        0x0 loader.o
 .rel.data      0x0000000000000000        0x0 loader.o

.data           0x0000000000103000        0xc
 *(.data)
 .data          0x0000000000103000        0x8 dumain.o
                0x0000000000103000                hstart
                0x0000000000103004                hend
 .data          0x0000000000103008        0x4 vga.o
                0x0000000000103008                framebuffer
 .data          0x000000000010300c        0x0 stdlib.o
 .data          0x000000000010300c        0x0 string.o

.igot.plt       0x000000000010300c        0x0
 .igot.plt      0x0000000000000000        0x0 loader.o

.bss            0x0000000000104000        0x0
 *(COMMON)
 *(.bss)
 .bss           0x0000000000104000        0x0 dumain.o
 .bss           0x0000000000104000        0x0 vga.o
 .bss           0x0000000000104000        0x0 stdlib.o
 .bss           0x0000000000104000        0x0 string.o

KERNEL_HEAP     0x0000000000104000        0x0
                0x0000000000104000                KERNEL_HEAP_START = .
                0x000000000010c000                KERNEL_HEAP_END = (. + KERNEL_HEAP_SIZE)
LOAD loader.o
LOAD dumain.o
LOAD io_port_driver.o
LOAD vga.o
LOAD stdlib.o
LOAD string.o
OUTPUT(kernel.elf elf32-i386)

.comment        0x0000000000000000       0x2b
 .comment       0x0000000000000000       0x2b dumain.o
                                         0x2c (size before relaxing)
 .comment       0x0000000000000000       0x2c vga.o
 .comment       0x0000000000000000       0x2c stdlib.o
 .comment       0x0000000000000000       0x2c string.o

.note.GNU-stack
                0x0000000000000000        0x0
 .note.GNU-stack
                0x0000000000000000        0x0 dumain.o
 .note.GNU-stack
                0x0000000000000000        0x0 vga.o
 .note.GNU-stack
                0x0000000000000000        0x0 stdlib.o
 .note.GNU-stack
                0x0000000000000000        0x0 string.o
